<?xml version="1.0" encoding="utf-8"?><testsuites><testsuite name="pytest" errors="0" failures="0" skipped="0" tests="1" time="15.081" timestamp="2025-11-22T04:24:40.794527+00:00" hostname="runnervmg1sw1"><testcase classname="tests.test_medvi_app" name="test_medvi_application_flow" time="15.045" /></testsuite></testsuites>